ℹ Preparing shadow workspace for 4 file(s) and 0 directory target(s)
ℹ Scanning shadow workspace at /data/tmp/tmp.mFLAkGb2Ej/files_scan

╔══════════════════════════════════════════════════════════════════════════════╗
║  ██╗   ██╗██╗  ████████╗██╗███╗   ███╗ █████╗ ████████╗███████╗              ║
║  ██║   ██║██║  ╚══██╔══╝██║████╗ ████║██╔══██╗╚══██╔══╝██╔════╝              ║
║  ██║   ██║██║     ██║   ██║██╔████╔██║███████║   ██║   █████╗                ║
║  ██║   ██║██║     ██║   ██║██║╚██╔╝██║██╔══██║   ██║   ██╔══╝                ║
║  ╚██████╔╝███████╗██║   ██║██║ ╚═╝ ██║██║  ██║   ██║   ███████╗              ║
║   ╚═════╝ ╚══════╝╚═╝   ╚═╝╚═╝     ╚═╝╚═╝  ╚═╝   ╚═╝   ╚══════╝              ║
║                                                                              ║
║  ██████╗ ██╗   ██╗ ██████╗         __       __                               ║
║  ██╔══██╗██║   ██║██╔════╝         \ `-'"-'` /                               ║
║  ██████╔╝██║   ██║██║  ███╗        / \_   _/ \                               ║
║  ██╔══██╗██║   ██║██║   ██║        |  d\_/b  |                               ║
║  ██████╔╝╚██████╔╝╚██████╔╝       .'\   V   /'.                              ║
║  ╚═════╝  ╚═════╝  ╚═════╝        /   '-...-'   \                            ║
║                                  | /         \ |                             ║
║                                  \/\         /\/                             ║
║                                  ==(||)---(||)==                             ║
║                                                                              ║
║  ███████╗  ██████╗   █████╗ ███╗   ██╗███╗   ██╗███████╗██████╗              ║
║  ██╔════╝  ██╔═══╝  ██╔══██╗████╗  ██║████╗  ██║██╔════╝██╔══██╗             ║
║  ███████╗  ██║      ███████║██╔██╗ ██║██╔██╗ ██║█████╗  ██████╔╝             ║
║  ╚════██║  ██║      ██╔══██║██║╚██╗██║██║╚██╗██║██╔══╝  ██╔══██╗             ║
║  ███████║  ██████╗  ██║  ██║██║ ╚████║██║ ╚████║███████╗██║  ██║             ║
║  ╚══════╝  ╚═════╝  ╚═╝╚═╝  ╚═══╝╚═╝  ╚═══╝╚══════╝╚═╝  ╚═╝                  ║
║                                                                              ║
║   JS / TS • PYTHON • C / C++ • RUST • GO • JAVA • RUBY                       ║
║   SWIFT • C# • ELIXIR                                                        ║
║                    UBS: ULTIMATE BUG SCANNER • SARIF FUSION ☄️               ║
║                                                                              ║
║                                                                              ║
║                     Night Owl QA                                             ║
║                     “We see bugs before you do.”                             ║
╚══════════════════════════════════════════════════════════════════════════════╝

UBS Meta-Runner v5.3.13  2026-09-09 02:15:18
Project: /data/projects/franken_remote
Format:  text
Detected: rust
Scanning rust...
Finished rust (9s)

──────── rust ────────

╔═══════════════════════════════════════════════════════════════════╗
║  ██╗   ██╗██╗  ████████╗██╗███╗   ███╗ █████╗ ████████╗███████╗   ║
║  ██║   ██║██║  ╚══██╔══╝██║████╗ ████║██╔══██╗╚══██╔══╝██╔════╝   ║
║  ██║   ██║██║     ██║   ██║██╔████╔██║███████║   ██║   █████╗     ║
║  ██║   ██║██║     ██║   ██║██║╚██╔╝██║██╔══██║   ██║   ██╔══╝     ║
║  ╚██████╔╝███████╗██║   ██║██║ ╚═╝ ██║██║  ██║   ██║   ███████╗   ║
║   ╚═════╝ ╚══════╝╚═╝   ╚═╝╚═╝     ╚═╝╚═╝  ╚═╝   ╚═╝   ╚══════╝   ║
║                                            /\                     ║
║  ██████╗ ██╗   ██╗ ██████╗                ( /   @ @    ()         ║
║  ██╔══██╗██║   ██║██╔════╝                 \  __| |__  /          ║
║  ██████╔╝██║   ██║██║  ███╗                 -/   "   \-           ║
║  ██╔══██╗██║   ██║██║   ██║                /-|       |-\          ║
║  ██████╔╝╚██████╔╝╚██████╔╝               / /-\     /-\ \         ║
║  ╚═════╝  ╚═════╝  ╚═════╝                 / /-`---'-\\ \          ║
║                                             /         \           ║
║                                                                   ║
║  ███████╗  ██████╗   █████╗ ███╗   ██╗███╗   ██╗███████╗██████╗   ║
║  ██╔════╝  ██╔═══╝  ██╔══██╗████╗  ██║████╗  ██║██╔════╝██╔══██╗  ║
║  ███████╗  ██║      ███████║██╔██╗ ██║██╔██╗ ██║█████╗  ██████╔╝  ║
║  ╚════██║  ██║      ██╔══██║██║╚██╗██║██║╚██╗██║██╔══╝  ██╔══██╗  ║
║  ███████║  ██████╗  ██║  ██║██║ ╚████║██║ ╚████║███████╗██║  ██║  ║
║  ╚══════╝  ╚═════╝  ╚═╝╚═╝  ╚═══╝╚═╝  ╚═══╝╚══════╝╚═╝  ╚═╝       ║
║                                                                   ║
║  Rust module • ownership sanity, unsafe & async spotlights        ║
║  UBS module: rust • cargo-aware targeting, low-noise caching      ║
║  ASCII homage: Ferris crab (ASCII Art Archive)                    ║
║  Run standalone: modules/ubs-rust.sh --help                       ║
║                                                                   ║
║  Night Owl QA                                                     ║
║  “We see bugs before you do.”                                     ║
╚═══════════════════════════════════════════════════════════════════╝


Project:  /data/projects/franken_remote
Started:  2026-09-09 02:15:19
Files:    4 source files (rs)

✓ ast-grep available (ast-grep) - full AST analysis enabled
✓ cargo detected
  ✓ clippy available
  ✓ rustfmt available
  ✓ cargo-audit available
  ✓ cargo-deny available
  ⚠ cargo-udeps not installed
  ✓ cargo-outdated available

━━━━━━━━━━━━━━━━━━━━━━━━━━━━━━━━━━━━━━━━━━━━━━━━━━━━━━━━━━━━━━━━
1. OWNERSHIP & ERROR HANDLING MACROS
━━━━━━━━━━━━━━━━━━━━━━━━━━━━━━━━━━━━━━━━━━━━━━━━━━━━━━━━━━━━━━━━

▓▓▓ Detects: unwrap/expect, panic/unreachable/todo/unimplemented, dbg/println
Panic-prone and debug macros frequently leak into production and cause crashes

• unwrap()/expect() usage
  ⚠ Warning (82 found)
    Potential panics via unwrap/expect
    Prefer `?` or match to propagate/handle errors
      /data/projects/franken_remote/spikes/quic-native/src/quinn_peer.rs:57 (https://github.com/Dicklesworthstone/franken_remote/blob/421184b11f5e54f7a179bb31f91786ce5d012d98/spikes/quic-native/src/quinn_peer.rs#L57)
                  let endpoint = quinn::Endpoint::server(config, "127.0.0.1:0".parse().unwrap())
      /data/projects/franken_remote/spikes/quic-native/src/quinn_peer.rs:180 (https://github.com/Dicklesworthstone/franken_remote/blob/421184b11f5e54f7a179bb31f91786ce5d012d98/spikes/quic-native/src/quinn_peer.rs#L180)
                      let mut endpoint = quinn::Endpoint::client("127.0.0.1:0".parse().unwrap())
      /data/projects/franken_remote/spikes/quic-native/src/asup.rs:65 (https://github.com/Dicklesworthstone/franken_remote/blob/421184b11f5e54f7a179bb31f91786ce5d012d98/spikes/quic-native/src/asup.rs#L65)
          let local = ConnectionId::new(b"local").unwrap();
      /data/projects/franken_remote/spikes/quic-native/src/asup.rs:66 (https://github.com/Dicklesworthstone/franken_remote/blob/421184b11f5e54f7a179bb31f91786ce5d012d98/spikes/quic-native/src/asup.rs#L66)
          let original = ConnectionId::new(b"first").unwrap();
      /data/projects/franken_remote/spikes/quic-native/src/main.rs:133 (https://github.com/Dicklesworthstone/franken_remote/blob/421184b11f5e54f7a179bb31f91786ce5d012d98/spikes/quic-native/src/main.rs#L133)
          let stream = client.connection_mut().open_control_stream(&cx).unwrap();

• panic!/unreachable!/todo!/unimplemented!
  ✓ OK No panic! macros

• dbg!/println!/eprintln!
  ℹ Info (8 found)
    println! found - prefer logging
  ℹ Info (5 found)
    eprintln! found - prefer logging

• Guard clauses that still unwrap later
  ✓ OK No guard/unwrap mismatches detected

━━━━━━━━━━━━━━━━━━━━━━━━━━━━━━━━━━━━━━━━━━━━━━━━━━━━━━━━━━━━━━━━
2. UNSAFE & MEMORY OPERATIONS
━━━━━━━━━━━━━━━━━━━━━━━━━━━━━━━━━━━━━━━━━━━━━━━━━━━━━━━━━━━━━━━━

▓▓▓ Detects: unsafe blocks, transmute/uninitialized/zeroed/forget, raw ffi hazards
These patterns may introduce UB, memory leaks, or hard-to-debug crashes

• unsafe { ... } blocks
  ✓ OK No unsafe blocks detected

• transmute, uninitialized, zeroed, assume_init, forget

• CStr::from_bytes_with_nul_unchecked

• get_unchecked / from_utf8_unchecked / from_raw_parts

• Unsafe Send/Sync impls

━━━━━━━━━━━━━━━━━━━━━━━━━━━━━━━━━━━━━━━━━━━━━━━━━━━━━━━━━━━━━━━━
3. CONCURRENCY & ASYNC PITFALLS
━━━━━━━━━━━━━━━━━━━━━━━━━━━━━━━━━━━━━━━━━━━━━━━━━━━━━━━━━━━━━━━━

▓▓▓ Detects: Arc<Mutex>, Rc<RefCell>, blocking ops in async, await-in-loop, spawn misuse
Concurrency misuse leads to deadlocks, head-of-line blocking, and performance issues

• Arc<Mutex<..>> / Rc<RefCell<..>> / RwLock

• Mutex::lock().unwrap()/expect()

• await inside loops (sequentialism)

• Blocking ops inside async (thread::sleep, std::fs)

• block_on within async context

• std::thread::spawn within async

• tokio::spawn usage (heuristic for detached tasks)

• Async error path coverage
  ✓ OK tokio::spawn handles appear awaited

━━━━━━━━━━━━━━━━━━━━━━━━━━━━━━━━━━━━━━━━━━━━━━━━━━━━━━━━━━━━━━━━
4. NUMERIC & FLOATING-POINT
━━━━━━━━━━━━━━━━━━━━━━━━━━━━━━━━━━━━━━━━━━━━━━━━━━━━━━━━━━━━━━━━

▓▓▓ Detects: float equality, division/modulo by variable, potential overflow hints
Numeric bugs cause subtle logic errors or panics in debug builds (overflow)

• Floating-point equality comparisons
  ℹ Info (4 found)
    Float equality/inequality check
    Consider epsilon comparisons

• Division/modulo by variable (verify non-zero)
  ℹ Info (8 found)
    Division by variables - guard zero divisors
  ℹ Info (1 found)
    Modulo by variables - guard zero divisors

━━━━━━━━━━━━━━━━━━━━━━━━━━━━━━━━━━━━━━━━━━━━━━━━━━━━━━━━━━━━━━━━
5. COLLECTIONS & ITERATORS
━━━━━━━━━━━━━━━━━━━━━━━━━━━━━━━━━━━━━━━━━━━━━━━━━━━━━━━━━━━━━━━━

▓▓▓ Detects: clone in loops, collect then iterate, nth(0), length checks
Iterator misuse often leads to unnecessary allocations or slow paths

• clone() occurrences & clone() in loops
  ℹ Info (19 found)
    clone() usages - audit for necessity
      /data/projects/franken_remote/spikes/quic-native/src/proxy.rs:258 (https://github.com/Dicklesworthstone/franken_remote/blob/421184b11f5e54f7a179bb31f91786ce5d012d98/spikes/quic-native/src/proxy.rs#L258)
          let flight = [initial.clone(), handshake.clone()].concat();
      /data/projects/franken_remote/spikes/quic-native/src/proxy.rs:264 (https://github.com/Dicklesworthstone/franken_remote/blob/421184b11f5e54f7a179bb31f91786ce5d012d98/spikes/quic-native/src/proxy.rs#L264)
          let mut wrong_version = flight.clone();
      /data/projects/franken_remote/spikes/quic-native/src/quinn_peer.rs:78 (https://github.com/Dicklesworthstone/franken_remote/blob/421184b11f5e54f7a179bb31f91786ce5d012d98/spikes/quic-native/src/quinn_peer.rs#L78)
                      let datagram_connection = connection.clone();
  ⚠ Warning (3 found)
    clone() inside loops - potential perf hit
      /data/projects/franken_remote/spikes/quic-native/src/asup.rs:254 (https://github.com/Dicklesworthstone/franken_remote/blob/421184b11f5e54f7a179bb31f91786ce5d012d98/spikes/quic-native/src/asup.rs#L254)
      .write_stream(cx, stream, chunk.clone(), fin)
      /data/projects/franken_remote/spikes/quic-native/src/asup.rs:295 (https://github.com/Dicklesworthstone/franken_remote/blob/421184b11f5e54f7a179bb31f91786ce5d012d98/spikes/quic-native/src/asup.rs#L295)
      .write_stream(cx, id, front.clone(), fin)
      /data/projects/franken_remote/spikes/quic-native/src/asup.rs:405 (https://github.com/Dicklesworthstone/franken_remote/blob/421184b11f5e54f7a179bb31f91786ce5d012d98/spikes/quic-native/src/asup.rs#L405)
      match sender.connection_mut().send_datagram(cx, payload.clone()) {

• collect::<Vec<_>>() then for
  ℹ Info (3 found)
    collect::<Vec<_>>() usage - consider streaming
      /data/projects/franken_remote/spikes/quic-native/src/main.rs:939 (https://github.com/Dicklesworthstone/franken_remote/blob/421184b11f5e54f7a179bb31f91786ce5d012d98/spikes/quic-native/src/main.rs#L939)
                          log.iter()
      /data/projects/franken_remote/spikes/quic-native/src/main.rs:940 (https://github.com/Dicklesworthstone/franken_remote/blob/421184b11f5e54f7a179bb31f91786ce5d012d98/spikes/quic-native/src/main.rs#L940)
                              .map(|(direction, size)| format!("{direction}{size}"))
      /data/projects/franken_remote/spikes/quic-native/src/main.rs:941 (https://github.com/Dicklesworthstone/franken_remote/blob/421184b11f5e54f7a179bb31f91786ce5d012d98/spikes/quic-native/src/main.rs#L941)
                              .collect::<Vec<_>>()

• nth(0) → next()

━━━━━━━━━━━━━━━━━━━━━━━━━━━━━━━━━━━━━━━━━━━━━━━━━━━━━━━━━━━━━━━━
6. STRING & ALLOCATION SMELLS
━━━━━━━━━━━━━━━━━━━━━━━━━━━━━━━━━━━━━━━━━━━━━━━━━━━━━━━━━━━━━━━━

▓▓▓ Detects: needless allocations, format!(literal), to_owned().to_string()
Unnecessary allocations and conversions reduce performance

• to_owned().to_string() chain

• format!("literal") with no placeholders

━━━━━━━━━━━━━━━━━━━━━━━━━━━━━━━━━━━━━━━━━━━━━━━━━━━━━━━━━━━━━━━━
7. FILESYSTEM & PROCESS
━━━━━━━━━━━━━━━━━━━━━━━━━━━━━━━━━━━━━━━━━━━━━━━━━━━━━━━━━━━━━━━━

▓▓▓ Detects: blocking std::fs in async, process::Command usage heuristics
I/O misuse or command construction from untrusted input can be risky

• std::fs usage (general inventory)
  ℹ Info (8 found)
    std::fs operations present - consider async equivalents where applicable

• std::process::Command usage
  ℹ Info (1 found)
    Command::new detected - ensure args are sanitized and errors handled
      /data/projects/franken_remote/spikes/quic-native/src/asup.rs:496 (https://github.com/Dicklesworthstone/franken_remote/blob/421184b11f5e54f7a179bb31f91786ce5d012d98/spikes/quic-native/src/asup.rs#L496)
          let clock = std::process::Command::new("getconf")

━━━━━━━━━━━━━━━━━━━━━━━━━━━━━━━━━━━━━━━━━━━━━━━━━━━━━━━━━━━━━━━━
8. SECURITY FINDINGS
━━━━━━━━━━━━━━━━━━━━━━━━━━━━━━━━━━━━━━━━━━━━━━━━━━━━━━━━━━━━━━━━

▓▓▓ Detects: TLS verification disabled, weak hash algos, security-sensitive non-crypto randomness, timing-unsafe secret comparisons, JWT verification bypasses, shell command injection, request-derived response headers/open redirects/host-header absolute URLs/outbound URLs/SQL/regex, unbounded request body reads, credentialed CORS, HTTP URLs, secrets
Security misconfigurations can lead to credential leaks, command injection, and MITM attacks

• Weak hash algorithms (MD5/SHA1)
  ✓ OK No MD5/SHA1 found

• TLS verification disabled

• Security-sensitive non-crypto randomness
  ✓ OK No security-sensitive non-crypto randomness detected

• Secret/token comparisons without timing-safe equality
  🔥 CRITICAL (3 found)
    Secret, signature, or token compared with ==/!=
    Use subtle::ConstantTimeEq, ring::constant_time::verify_slices_are_equal, crypto_memcmp, or a reviewed constant-time helper for bearer tokens, HMACs, CSRF values, reset secrets, API keys, and signatures
      /data/projects/franken_remote/spikes/quic-native/src/main.rs:840 (https://github.com/Dicklesworthstone/franken_remote/blob/421184b11f5e54f7a179bb31f91786ce5d012d98/spikes/quic-native/src/main.rs#L840)
      let fin = sent + len as u64 == total;
      /data/projects/franken_remote/spikes/quic-native/src/main.rs:998 (https://github.com/Dicklesworthstone/franken_remote/blob/421184b11f5e54f7a179bb31f91786ce5d012d98/spikes/quic-native/src/main.rs#L998)
      .position(|expected| *expected == bytes)
      /data/projects/franken_remote/spikes/quic-native/src/main.rs:1007 (https://github.com/Dicklesworthstone/franken_remote/blob/421184b11f5e54f7a179bb31f91786ce5d012d98/spikes/quic-native/src/main.rs#L1007)
      Ok((sent, echoed)) if sent > 0 && echoed == sent => result_row(

• JWT decode, validation bypass, or missing claim binding
  ✓ OK No JWT decode/validation bypass patterns detected

• Shell command execution through -c/-lc
  ✓ OK No shell -c/-lc Command usage detected

• Command::new executable from untrusted-looking value

• Path join/push with untrusted-looking segment

• Archive entry paths joined into extraction destination

• Predictable temp-file writes

• Request-derived open redirects
  ✓ OK No request-derived open redirect sinks detected

• Host header used for absolute URL construction
  ✓ OK No Host-header-derived absolute URL construction detected

• Request-derived response headers
  ✓ OK No request-derived response header values detected

• Request-derived outbound HTTP URLs
  ✓ OK No request-derived outbound HTTP URL sinks detected

• Request-derived SQL construction
  ✓ OK No request-derived SQL construction sinks detected

• Request-controlled regex patterns
  ✓ OK No request-controlled regex compilation detected

• Unbounded request body reads
  ✓ OK No unbounded request body reads detected

• CORS credential policy
  ✓ OK No unsafe CORS credential policy detected

• Plain http:// URLs

• Hardcoded secrets/credentials
  ✓ OK No hardcoded secrets detected

━━━━━━━━━━━━━━━━━━━━━━━━━━━━━━━━━━━━━━━━━━━━━━━━━━━━━━━━━━━━━━━━
9. CODE QUALITY MARKERS
━━━━━━━━━━━━━━━━━━━━━━━━━━━━━━━━━━━━━━━━━━━━━━━━━━━━━━━━━━━━━━━━

▓▓▓ Detects: TODO, FIXME, HACK, NOTE
Technical debt markers indicate incomplete or problematic code
  ✓ OK No TODO/FIXME/HACK markers found

━━━━━━━━━━━━━━━━━━━━━━━━━━━━━━━━━━━━━━━━━━━━━━━━━━━━━━━━━━━━━━━━
10. MODULE & VISIBILITY ISSUES
━━━━━━━━━━━━━━━━━━━━━━━━━━━━━━━━━━━━━━━━━━━━━━━━━━━━━━━━━━━━━━━━

▓▓▓ Detects: pub use wildcards, glob imports, re-exports
Overly broad visibility complicates API stability and encapsulation

• Wildcard imports (use crate::* or ::*)
  ✓ OK No wildcard imports detected

• pub use re-exports (inventory)

━━━━━━━━━━━━━━━━━━━━━━━━━━━━━━━━━━━━━━━━━━━━━━━━━━━━━━━━━━━━━━━━
11. TESTS & BENCHES HYGIENE
━━━━━━━━━━━━━━━━━━━━━━━━━━━━━━━━━━━━━━━━━━━━━━━━━━━━━━━━━━━━━━━━

▓▓▓ Detects: ignored tests, todo! in tests, println!/dbg! in tests
Ensure tests do not hide failures or produce noisy output

• #[ignore] tests

• todo!/unimplemented! in tests

━━━━━━━━━━━━━━━━━━━━━━━━━━━━━━━━━━━━━━━━━━━━━━━━━━━━━━━━━━━━━━━━
12. LINTS & STYLE (fmt/clippy)
━━━━━━━━━━━━━━━━━━━━━━━━━━━━━━━━━━━━━━━━━━━━━━━━━━━━━━━━━━━━━━━━

▓▓▓ Runs: cargo fmt -- --check, cargo clippy
Formatter and lints help maintain consistent style and catch many issues
  ✓ OK Formatting is clean
  ✓ OK No clippy warnings/errors

━━━━━━━━━━━━━━━━━━━━━━━━━━━━━━━━━━━━━━━━━━━━━━━━━━━━━━━━━━━━━━━━
13. BUILD HEALTH (check/test)
━━━━━━━━━━━━━━━━━━━━━━━━━━━━━━━━━━━━━━━━━━━━━━━━━━━━━━━━━━━━━━━━

▓▓▓ Runs: cargo check, cargo test --no-run
Ensures the project compiles and tests build
  ✓ OK cargo check clean
  ✓ OK Tests build clean

━━━━━━━━━━━━━━━━━━━━━━━━━━━━━━━━━━━━━━━━━━━━━━━━━━━━━━━━━━━━━━━━
14. DEPENDENCY HYGIENE
━━━━━━━━━━━━━━━━━━━━━━━━━━━━━━━━━━━━━━━━━━━━━━━━━━━━━━━━━━━━━━━━

▓▓▓ Runs: cargo audit, cargo deny check, cargo udeps, cargo outdated
Keeps dependencies safe, minimal, and up-to-date
  ✓ OK No known advisories (cargo-audit)
  ✓ OK cargo-deny clean
  ℹ Info (1 found)
    cargo-udeps not installed; skipping unused dep scan
  ✓ OK Dependencies up-to-date

━━━━━━━━━━━━━━━━━━━━━━━━━━━━━━━━━━━━━━━━━━━━━━━━━━━━━━━━━━━━━━━━
15. API MISUSE (COMMON)
━━━━━━━━━━━━━━━━━━━━━━━━━━━━━━━━━━━━━━━━━━━━━━━━━━━━━━━━━━━━━━━━

▓▓▓ Detects: nth(0), DefaultHasher, expect_err/unwrap_err, Option::unwrap_or_default in hot paths
Common footguns and readability hazards

• std::collections::hash_map::DefaultHasher

• unwrap_err()/expect_err() usage inventory

• Option::unwrap_or_default inventory
  ℹ Info (4 found)
    unwrap_or_default present - validate default semantics

━━━━━━━━━━━━━━━━━━━━━━━━━━━━━━━━━━━━━━━━━━━━━━━━━━━━━━━━━━━━━━━━
16. DOMAIN-SPECIFIC HEURISTICS
━━━━━━━━━━━━━━━━━━━━━━━━━━━━━━━━━━━━━━━━━━━━━━━━━━━━━━━━━━━━━━━━

▓▓▓ Detects: reqwest builder, SQL string concatenation (heuristic), serde_json::from_str without context
Domain patterns that often hint at bugs

• reqwest::ClientBuilder inventory

• serde_json::from_str without error context (heuristic)

• SQL string concatenation (heuristic)

━━━━━━━━━━━━━━━━━━━━━━━━━━━━━━━━━━━━━━━━━━━━━━━━━━━━━━━━━━━━━━━━
17. AST-GREP RULE PACK FINDINGS
━━━━━━━━━━━━━━━━━━━━━━━━━━━━━━━━━━━━━━━━━━━━━━━━━━━━━━━━━━━━━━━━
  ℹ Info (0 found)
    AST rule pack staged
    Run with --format=sarif to emit SARIF from the rule pack

━━━━━━━━━━━━━━━━━━━━━━━━━━━━━━━━━━━━━━━━━━━━━━━━━━━━━━━━━━━━━━━━
18. META STATISTICS & INVENTORY
━━━━━━━━━━━━━━━━━━━━━━━━━━━━━━━━━━━━━━━━━━━━━━━━━━━━━━━━━━━━━━━━

▓▓▓ Detects: crate counts, bin/lib targets, feature flags (Cargo.toml heuristic)
High-level view of the project layout

• Cargo.toml features (heuristic count)
  ℹ Info (1 found)
    No Cargo.toml at project root (workspace? set PROJECT_DIR accordingly)

━━━━━━━━━━━━━━━━━━━━━━━━━━━━━━━━━━━━━━━━━━━━━━━━━━━━━━━━━━━━━━━━
19. RESOURCE LIFECYCLE CORRELATION
━━━━━━━━━━━━━━━━━━━━━━━━━━━━━━━━━━━━━━━━━━━━━━━━━━━━━━━━━━━━━━━━

▓▓▓ Detects: std::thread::spawn without join, tokio::spawn without await, TcpStream without shutdown
Rust relies on explicit joins/shutdowns even with RAII—leaks create zombie work

• Resource lifecycle correlation
  🔥 CRITICAL (2 found)
    std::thread::spawn without join() [37m[[0mspikes/quic-native/src/quinn_peer.rs[37m][0m
    Store the JoinHandle and call join() or detach intentionally (acquire=2, release=0)

━━━━━━━━━━━━━━━━━━━━━━━━━━━━━━━━━━━━━━━━━━━━━━━━━━━━━━━━━━━━━━━━
20. ASYNC LOCKING ACROSS AWAIT
━━━━━━━━━━━━━━━━━━━━━━━━━━━━━━━━━━━━━━━━━━━━━━━━━━━━━━━━━━━━━━━━

▓▓▓ Detects: locks acquired in async fns and potentially held across await
Holding locks across await can deadlock, starve tasks, and cause latency spikes; std::sync locks can block executor threads

• std::sync lock usage inside async fn (blocking risk)
  ✓ OK No obvious std::sync lock usage inside async fns

• Potential std::sync guard held across await (heuristic)

• Potential async lock guard held across await (tokio/async locks heuristic)

━━━━━━━━━━━━━━━━━━━━━━━━━━━━━━━━━━━━━━━━━━━━━━━━━━━━━━━━━━━━━━━━
21. PANIC SURFACES & UNWINDING
━━━━━━━━━━━━━━━━━━━━━━━━━━━━━━━━━━━━━━━━━━━━━━━━━━━━━━━━━━━━━━━━

▓▓▓ Detects: assert macros, direct indexing, unreachable_unchecked/unwrap_unchecked, panic/unwrap inside Drop
Panics in destructors or UB hints can crash/abort in subtle ways; these can slip past linting depending on cfg/features

• assert!/assert_eq!/assert_ne! inventory
  ⚠ Warning (13 found)
    assert! macros present (panic surface)
    If these are runtime invariants, consider explicit error handling; ensure not reachable by untrusted input

• unreachable_unchecked / unwrap_unchecked

• direct indexing / slicing panic surfaces
  ⚠ Warning (5 found)
    Direct indexing/slicing may panic
    Use get()/get_mut(), checked ranges, or prior bounds checks when indexes can come from input
      /data/projects/franken_remote/spikes/quic-native/src/proxy.rs:87 (https://github.com/Dicklesworthstone/franken_remote/blob/421184b11f5e54f7a179bb31f91786ce5d012d98/spikes/quic-native/src/proxy.rs#L87)
                              let payload = buffer[..len].to_vec();
      /data/projects/franken_remote/spikes/quic-native/src/proxy.rs:246 (https://github.com/Dicklesworthstone/franken_remote/blob/421184b11f5e54f7a179bb31f91786ce5d012d98/spikes/quic-native/src/proxy.rs#L246)
              bytes = &bytes[end..];
      /data/projects/franken_remote/spikes/quic-native/src/proxy.rs:265 (https://github.com/Dicklesworthstone/franken_remote/blob/421184b11f5e54f7a179bb31f91786ce5d012d98/spikes/quic-native/src/proxy.rs#L265)
          wrong_version[4] = 2;

• panic!/unwrap/expect inside Drop

━━━━━━━━━━━━━━━━━━━━━━━━━━━━━━━━━━━━━━━━━━━━━━━━━━━━━━━━━━━━━━━━
22. SUSPICIOUS CASTS & TRUNCATION
━━━━━━━━━━━━━━━━━━━━━━━━━━━━━━━━━━━━━━━━━━━━━━━━━━━━━━━━━━━━━━━━

▓▓▓ Detects: pervasive `as` casts, try_into().unwrap, numeric narrowing patterns
`as` casts can silently truncate or change sign; conversion panics may be missed in uncommon input paths

• `as` cast inventory
  ℹ Info (27 found)
    `as` casts present (possible truncation/sign bugs)
    Prefer TryFrom/TryInto for correctness or document invariants
      /data/projects/franken_remote/spikes/quic-native/src/quinn_peer.rs:201 (https://github.com/Dicklesworthstone/franken_remote/blob/421184b11f5e54f7a179bb31f91786ce5d012d98/spikes/quic-native/src/quinn_peer.rs#L201)
                          .map(|i| (i.wrapping_mul(0x9e37_79b9_7f4a_7c15) >> 56) as u8)
      /data/projects/franken_remote/spikes/quic-native/src/quinn_peer.rs:225 (https://github.com/Dicklesworthstone/franken_remote/blob/421184b11f5e54f7a179bb31f91786ce5d012d98/spikes/quic-native/src/quinn_peer.rs#L225)
                              .map(|i| ((i as u64).wrapping_mul(31) >> 3) as u8)
      /data/projects/franken_remote/spikes/quic-native/src/asup.rs:172 (https://github.com/Dicklesworthstone/franken_remote/blob/421184b11f5e54f7a179bb31f91786ce5d012d98/spikes/quic-native/src/asup.rs#L172)
              out.push((v >> 56) as u8);

• len()/count() narrowed via `as`

• try_into().unwrap()/expect() (panic on conversion failure)

━━━━━━━━━━━━━━━━━━━━━━━━━━━━━━━━━━━━━━━━━━━━━━━━━━━━━━━━━━━━━━━━
23. PARSING & VALIDATION ROBUSTNESS
━━━━━━━━━━━━━━━━━━━━━━━━━━━━━━━━━━━━━━━━━━━━━━━━━━━━━━━━━━━━━━━━

▓▓▓ Detects: parse/from_str/env-var unwraps, decode unwraps, missing error context
Parsing and decoding failures often happen in prod on edge inputs; unwrap/expect turns them into panics

• parse::<T>().unwrap()/expect()
  ⚠ Warning (3 found)
    parse::<T>().unwrap()/expect() present
    Validate input or propagate errors with context
      /data/projects/franken_remote/spikes/quic-native/src/quinn_peer.rs:57 (https://github.com/Dicklesworthstone/franken_remote/blob/421184b11f5e54f7a179bb31f91786ce5d012d98/spikes/quic-native/src/quinn_peer.rs#L57)
                  let endpoint = quinn::Endpoint::server(config, "127.0.0.1:0".parse().unwrap())
      /data/projects/franken_remote/spikes/quic-native/src/quinn_peer.rs:180 (https://github.com/Dicklesworthstone/franken_remote/blob/421184b11f5e54f7a179bb31f91786ce5d012d98/spikes/quic-native/src/quinn_peer.rs#L180)
                      let mut endpoint = quinn::Endpoint::client("127.0.0.1:0".parse().unwrap())
      /data/projects/franken_remote/spikes/quic-native/src/asup.rs:80 (https://github.com/Dicklesworthstone/franken_remote/blob/421184b11f5e54f7a179bb31f91786ce5d012d98/spikes/quic-native/src/asup.rs#L80)
              addr.parse().expect("literal socket address"),

• serde/toml deserialization unwrap()/expect()

• env::var(...).unwrap()/expect()

━━━━━━━━━━━━━━━━━━━━━━━━━━━━━━━━━━━━━━━━━━━━━━━━━━━━━━━━━━━━━━━━
24. PERF/DoS HOTSPOTS
━━━━━━━━━━━━━━━━━━━━━━━━━━━━━━━━━━━━━━━━━━━━━━━━━━━━━━━━━━━━━━━━

▓▓▓ Detects: regex compilation in loops, chars().nth(n), format!/allocations in loops
Some perf pitfalls become DoS risks on large inputs or hot paths; these often evade linting in non-bench builds

• Regex::new occurrences and in-loop compilation
  ✓ OK No regex::Regex::new detected

• chars().nth(n)/nth_back(n) (O(n))

• format!/to_string/allocations inside loops (heuristic)
  ⚠ Warning (3 found)
    String allocation inside loop
    Consider preallocating buffers, using write!, or restructuring to reduce allocations
      /data/projects/franken_remote/spikes/quic-native/src/asup.rs:241 (https://github.com/Dicklesworthstone/franken_remote/blob/421184b11f5e54f7a179bb31f91786ce5d012d98/spikes/quic-native/src/asup.rs#L241)
      return Err(format!(
      /data/projects/franken_remote/spikes/quic-native/src/asup.rs:422 (https://github.com/Dicklesworthstone/franken_remote/blob/421184b11f5e54f7a179bb31f91786ce5d012d98/spikes/quic-native/src/asup.rs#L422)
      out.lethal_error = Some(format!("sender drive after admitted send: {error}"));
      /data/projects/franken_remote/spikes/quic-native/src/asup.rs:427 (https://github.com/Dicklesworthstone/franken_remote/blob/421184b11f5e54f7a179bb31f91786ce5d012d98/spikes/quic-native/src/asup.rs#L427)
      out.lethal_error = Some(format!("receiver drive: {error}"));

═══════════════════════════════════════════════════════════════════════════
                    🎯 SCAN COMPLETE 🎯
═══════════════════════════════════════════════════════════════════════════

Summary Statistics:
  Files scanned:    4
  Critical issues:  5
  Warning issues:   109
  Info items:       90

Priority Actions:
  🔥 FIX CRITICAL ISSUES IMMEDIATELY
  These cause crashes, security vulnerabilities, or data corruption
  ⚠ Review and fix WARNING items
  These cause bugs, performance issues, or maintenance problems
  ℹ Consider INFO suggestions
  Code quality improvements and best practices

Scan completed at: 2026-09-09 02:15:28

Tip: Run with -v/--verbose for more code samples per finding.
Add to CI: ./ubs --ci --fail-on-warning . > rust-bug-scan.txt


──────── Combined Summary ────────
Files: 4
Critical: 5
Warning: 109
Info: 90
