ℹ Preparing shadow workspace for 6 file(s) and 0 directory target(s)
ℹ Scanning shadow workspace at /data/tmp/tmp.rv3vLtd5Sr/files_scan

╔══════════════════════════════════════════════════════════════════════════════╗
║  ██╗   ██╗██╗  ████████╗██╗███╗   ███╗ █████╗ ████████╗███████╗              ║
║  ██║   ██║██║  ╚══██╔══╝██║████╗ ████║██╔══██╗╚══██╔══╝██╔════╝              ║
║  ██║   ██║██║     ██║   ██║██╔████╔██║███████║   ██║   █████╗                ║
║  ██║   ██║██║     ██║   ██║██║╚██╔╝██║██╔══██║   ██║   ██╔══╝                ║
║  ╚██████╔╝███████╗██║   ██║██║ ╚═╝ ██║██║  ██║   ██║   ███████╗              ║
║   ╚═════╝ ╚══════╝╚═╝   ╚═╝╚═╝     ╚═╝╚═╝  ╚═╝   ╚═╝   ╚══════╝              ║
║                                                                              ║
║  ██████╗ ██╗   ██╗ ██████╗         __       __                               ║
║  ██╔══██╗██║   ██║██╔════╝         \ `-'"-'` /                               ║
║  ██████╔╝██║   ██║██║  ███╗        / \_   _/ \                               ║
║  ██╔══██╗██║   ██║██║   ██║        |  d\_/b  |                               ║
║  ██████╔╝╚██████╔╝╚██████╔╝       .'\   V   /'.                              ║
║  ╚═════╝  ╚═════╝  ╚═════╝        /   '-...-'   \                            ║
║                                  | /         \ |                             ║
║                                  \/\         /\/                             ║
║                                  ==(||)---(||)==                             ║
║                                                                              ║
║  ███████╗  ██████╗   █████╗ ███╗   ██╗███╗   ██╗███████╗██████╗              ║
║  ██╔════╝  ██╔═══╝  ██╔══██╗████╗  ██║████╗  ██║██╔════╝██╔══██╗             ║
║  ███████╗  ██║      ███████║██╔██╗ ██║██╔██╗ ██║█████╗  ██████╔╝             ║
║  ╚════██║  ██║      ██╔══██║██║╚██╗██║██║╚██╗██║██╔══╝  ██╔══██╗             ║
║  ███████║  ██████╗  ██║  ██║██║ ╚████║██║ ╚████║███████╗██║  ██║             ║
║  ╚══════╝  ╚═════╝  ╚═╝╚═╝  ╚═══╝╚═╝  ╚═══╝╚══════╝╚═╝  ╚═╝                  ║
║                                                                              ║
║   JS / TS • PYTHON • C / C++ • RUST • GO • JAVA • RUBY                       ║
║   SWIFT • C# • ELIXIR                                                        ║
║                    UBS: ULTIMATE BUG SCANNER • SARIF FUSION ☄️               ║
║                                                                              ║
║                                                                              ║
║                     Night Owl QA                                             ║
║                     “We see bugs before you do.”                             ║
╚══════════════════════════════════════════════════════════════════════════════╝

UBS Meta-Runner v5.3.13  2026-09-09 09:37:13
Project: /data/projects/franken_remote
Format:  text
Detected: rust
Scanning rust...
Finished rust (10s)

──────── rust ────────

╔═══════════════════════════════════════════════════════════════════╗
║  ██╗   ██╗██╗  ████████╗██╗███╗   ███╗ █████╗ ████████╗███████╗   ║
║  ██║   ██║██║  ╚══██╔══╝██║████╗ ████║██╔══██╗╚══██╔══╝██╔════╝   ║
║  ██║   ██║██║     ██║   ██║██╔████╔██║███████║   ██║   █████╗     ║
║  ██║   ██║██║     ██║   ██║██║╚██╔╝██║██╔══██║   ██║   ██╔══╝     ║
║  ╚██████╔╝███████╗██║   ██║██║ ╚═╝ ██║██║  ██║   ██║   ███████╗   ║
║   ╚═════╝ ╚══════╝╚═╝   ╚═╝╚═╝     ╚═╝╚═╝  ╚═╝   ╚═╝   ╚══════╝   ║
║                                            /\                     ║
║  ██████╗ ██╗   ██╗ ██████╗                ( /   @ @    ()         ║
║  ██╔══██╗██║   ██║██╔════╝                 \  __| |__  /          ║
║  ██████╔╝██║   ██║██║  ███╗                 -/   "   \-           ║
║  ██╔══██╗██║   ██║██║   ██║                /-|       |-\          ║
║  ██████╔╝╚██████╔╝╚██████╔╝               / /-\     /-\ \         ║
║  ╚═════╝  ╚═════╝  ╚═════╝                 / /-`---'-\\ \          ║
║                                             /         \           ║
║                                                                   ║
║  ███████╗  ██████╗   █████╗ ███╗   ██╗███╗   ██╗███████╗██████╗   ║
║  ██╔════╝  ██╔═══╝  ██╔══██╗████╗  ██║████╗  ██║██╔════╝██╔══██╗  ║
║  ███████╗  ██║      ███████║██╔██╗ ██║██╔██╗ ██║█████╗  ██████╔╝  ║
║  ╚════██║  ██║      ██╔══██║██║╚██╗██║██║╚██╗██║██╔══╝  ██╔══██╗  ║
║  ███████║  ██████╗  ██║  ██║██║ ╚████║██║ ╚████║███████╗██║  ██║  ║
║  ╚══════╝  ╚═════╝  ╚═╝╚═╝  ╚═══╝╚═╝  ╚═══╝╚══════╝╚═╝  ╚═╝       ║
║                                                                   ║
║  Rust module • ownership sanity, unsafe & async spotlights        ║
║  UBS module: rust • cargo-aware targeting, low-noise caching      ║
║  ASCII homage: Ferris crab (ASCII Art Archive)                    ║
║  Run standalone: modules/ubs-rust.sh --help                       ║
║                                                                   ║
║  Night Owl QA                                                     ║
║  “We see bugs before you do.”                                     ║
╚═══════════════════════════════════════════════════════════════════╝


Project:  /data/projects/franken_remote
Started:  2026-09-09 09:37:13
Files:    6 source files (rs)

✓ ast-grep available (ast-grep) - full AST analysis enabled
✓ cargo detected
  ✓ clippy available
  ✓ rustfmt available
  ✓ cargo-audit available
  ✓ cargo-deny available
  ⚠ cargo-udeps not installed
  ✓ cargo-outdated available

━━━━━━━━━━━━━━━━━━━━━━━━━━━━━━━━━━━━━━━━━━━━━━━━━━━━━━━━━━━━━━━━
1. OWNERSHIP & ERROR HANDLING MACROS
━━━━━━━━━━━━━━━━━━━━━━━━━━━━━━━━━━━━━━━━━━━━━━━━━━━━━━━━━━━━━━━━

▓▓▓ Detects: unwrap/expect, panic/unreachable/todo/unimplemented, dbg/println
Panic-prone and debug macros frequently leak into production and cause crashes

• unwrap()/expect() usage
  ⚠ Warning (184 found)
    Potential panics via unwrap/expect
    Prefer `?` or match to propagate/handle errors
      /data/projects/franken_remote/crates/fr-wire/tests/stream.rs:9 (https://github.com/Dicklesworthstone/franken_remote/blob/02cabc951820e330198aee456e2f0aa8fa694bd3/crates/fr-wire/tests/stream.rs#L9)
          let n = encode_progress(
      /data/projects/franken_remote/crates/fr-wire/tests/stream.rs:10 (https://github.com/Dicklesworthstone/franken_remote/blob/02cabc951820e330198aee456e2f0aa8fa694bd3/crates/fr-wire/tests/stream.rs#L10)
              Progress {
      /data/projects/franken_remote/crates/fr-wire/tests/stream.rs:11 (https://github.com/Dicklesworthstone/franken_remote/blob/02cabc951820e330198aee456e2f0aa8fa694bd3/crates/fr-wire/tests/stream.rs#L11)
                  descriptor: FrameDescriptor {
      /data/projects/franken_remote/crates/fr-wire/tests/stream.rs:12 (https://github.com/Dicklesworthstone/franken_remote/blob/02cabc951820e330198aee456e2f0aa8fa694bd3/crates/fr-wire/tests/stream.rs#L12)
                      frame: 7,
      /data/projects/franken_remote/crates/fr-wire/tests/stream.rs:13 (https://github.com/Dicklesworthstone/franken_remote/blob/02cabc951820e330198aee456e2f0aa8fa694bd3/crates/fr-wire/tests/stream.rs#L13)
                      total_bytes: 5,

• panic!/unreachable!/todo!/unimplemented!
  🔥 CRITICAL (1 found)
    panic! macro(s) present
    Avoid panic! in library code
      /data/projects/franken_remote/crates/fr-tailnet/src/local/tests.rs:89 (https://github.com/Dicklesworthstone/franken_remote/blob/02cabc951820e330198aee456e2f0aa8fa694bd3/crates/fr-tailnet/src/local/tests.rs#L89)
                          Err(e) => panic!("fixture accept: {e}"),

• dbg!/println!/eprintln!
  ℹ Info (1 found)
    println! found - prefer logging
  ℹ Info (3 found)
    eprintln! found - prefer logging

• Guard clauses that still unwrap later
  ✓ OK No guard/unwrap mismatches detected

━━━━━━━━━━━━━━━━━━━━━━━━━━━━━━━━━━━━━━━━━━━━━━━━━━━━━━━━━━━━━━━━
2. UNSAFE & MEMORY OPERATIONS
━━━━━━━━━━━━━━━━━━━━━━━━━━━━━━━━━━━━━━━━━━━━━━━━━━━━━━━━━━━━━━━━

▓▓▓ Detects: unsafe blocks, transmute/uninitialized/zeroed/forget, raw ffi hazards
These patterns may introduce UB, memory leaks, or hard-to-debug crashes

• unsafe { ... } blocks
  ✓ OK No unsafe blocks detected

• transmute, uninitialized, zeroed, assume_init, forget

• CStr::from_bytes_with_nul_unchecked

• get_unchecked / from_utf8_unchecked / from_raw_parts

• Unsafe Send/Sync impls

━━━━━━━━━━━━━━━━━━━━━━━━━━━━━━━━━━━━━━━━━━━━━━━━━━━━━━━━━━━━━━━━
3. CONCURRENCY & ASYNC PITFALLS
━━━━━━━━━━━━━━━━━━━━━━━━━━━━━━━━━━━━━━━━━━━━━━━━━━━━━━━━━━━━━━━━

▓▓▓ Detects: Arc<Mutex>, Rc<RefCell>, blocking ops in async, await-in-loop, spawn misuse
Concurrency misuse leads to deadlocks, head-of-line blocking, and performance issues

• Arc<Mutex<..>> / Rc<RefCell<..>> / RwLock

• Mutex::lock().unwrap()/expect()

• await inside loops (sequentialism)

• Blocking ops inside async (thread::sleep, std::fs)

• block_on within async context

• std::thread::spawn within async

• tokio::spawn usage (heuristic for detached tasks)

• Async error path coverage
  ✓ OK No tokio::spawn usage detected

━━━━━━━━━━━━━━━━━━━━━━━━━━━━━━━━━━━━━━━━━━━━━━━━━━━━━━━━━━━━━━━━
4. NUMERIC & FLOATING-POINT
━━━━━━━━━━━━━━━━━━━━━━━━━━━━━━━━━━━━━━━━━━━━━━━━━━━━━━━━━━━━━━━━

▓▓▓ Detects: float equality, division/modulo by variable, potential overflow hints
Numeric bugs cause subtle logic errors or panics in debug builds (overflow)

• Floating-point equality comparisons
  ℹ Info (11 found)
    Float equality/inequality check
    Consider epsilon comparisons

• Division/modulo by variable (verify non-zero)
  ℹ Info (12 found)
    Division by variables - guard zero divisors

━━━━━━━━━━━━━━━━━━━━━━━━━━━━━━━━━━━━━━━━━━━━━━━━━━━━━━━━━━━━━━━━
5. COLLECTIONS & ITERATORS
━━━━━━━━━━━━━━━━━━━━━━━━━━━━━━━━━━━━━━━━━━━━━━━━━━━━━━━━━━━━━━━━

▓▓▓ Detects: clone in loops, collect then iterate, nth(0), length checks
Iterator misuse often leads to unnecessary allocations or slow paths

• clone() occurrences & clone() in loops
  ℹ Info (25 found)
    clone() usages - audit for necessity
      /data/projects/franken_remote/crates/fr-wire/tests/stream.rs:165 (https://github.com/Dicklesworthstone/franken_remote/blob/02cabc951820e330198aee456e2f0aa8fa694bd3/crates/fr-wire/tests/stream.rs#L165)
              let mut bad = p.clone();
      /data/projects/franken_remote/crates/fr-wire/tests/stream.rs:233 (https://github.com/Dicklesworthstone/franken_remote/blob/02cabc951820e330198aee456e2f0aa8fa694bd3/crates/fr-wire/tests/stream.rs#L233)
          let mut q = p.clone();
      /data/projects/franken_remote/crates/fr-tailnet/src/metadata.rs:370 (https://github.com/Dicklesworthstone/franken_remote/blob/02cabc951820e330198aee456e2f0aa8fa694bd3/crates/fr-tailnet/src/metadata.rs#L370)
              .map(|v| v.as_ref().map(|s| s.0.clone()))
  ⚠ Warning (4 found)
    clone() inside loops - potential perf hit
      /data/projects/franken_remote/crates/fr-wire/tests/stream.rs:165 (https://github.com/Dicklesworthstone/franken_remote/blob/02cabc951820e330198aee456e2f0aa8fa694bd3/crates/fr-wire/tests/stream.rs#L165)
      let mut bad = p.clone();
      /data/projects/franken_remote/crates/fr-tailnet/src/local/tests.rs:336 (https://github.com/Dicklesworthstone/franken_remote/blob/02cabc951820e330198aee456e2f0aa8fa694bd3/crates/fr-tailnet/src/local/tests.rs#L336)
      let mut bad = w.clone();
      /data/projects/franken_remote/crates/fr-tailnet/src/local/tests.rs:805 (https://github.com/Dicklesworthstone/franken_remote/blob/02cabc951820e330198aee456e2f0aa8fa694bd3/crates/fr-tailnet/src/local/tests.rs#L805)
      let mut next = s.clone();

• collect::<Vec<_>>() then for

• nth(0) → next()

━━━━━━━━━━━━━━━━━━━━━━━━━━━━━━━━━━━━━━━━━━━━━━━━━━━━━━━━━━━━━━━━
6. STRING & ALLOCATION SMELLS
━━━━━━━━━━━━━━━━━━━━━━━━━━━━━━━━━━━━━━━━━━━━━━━━━━━━━━━━━━━━━━━━

▓▓▓ Detects: needless allocations, format!(literal), to_owned().to_string()
Unnecessary allocations and conversions reduce performance

• to_owned().to_string() chain

• format!("literal") with no placeholders

━━━━━━━━━━━━━━━━━━━━━━━━━━━━━━━━━━━━━━━━━━━━━━━━━━━━━━━━━━━━━━━━
7. FILESYSTEM & PROCESS
━━━━━━━━━━━━━━━━━━━━━━━━━━━━━━━━━━━━━━━━━━━━━━━━━━━━━━━━━━━━━━━━

▓▓▓ Detects: blocking std::fs in async, process::Command usage heuristics
I/O misuse or command construction from untrusted input can be risky

• std::fs usage (general inventory)

• std::process::Command usage

━━━━━━━━━━━━━━━━━━━━━━━━━━━━━━━━━━━━━━━━━━━━━━━━━━━━━━━━━━━━━━━━
8. SECURITY FINDINGS
━━━━━━━━━━━━━━━━━━━━━━━━━━━━━━━━━━━━━━━━━━━━━━━━━━━━━━━━━━━━━━━━

▓▓▓ Detects: TLS verification disabled, weak hash algos, security-sensitive non-crypto randomness, timing-unsafe secret comparisons, JWT verification bypasses, shell command injection, request-derived response headers/open redirects/host-header absolute URLs/outbound URLs/SQL/regex, unbounded request body reads, credentialed CORS, HTTP URLs, secrets
Security misconfigurations can lead to credential leaks, command injection, and MITM attacks

• Weak hash algorithms (MD5/SHA1)
  ✓ OK No MD5/SHA1 found

• TLS verification disabled

• Security-sensitive non-crypto randomness
  ✓ OK No security-sensitive non-crypto randomness detected

• Secret/token comparisons without timing-safe equality
  ✓ OK No secret comparisons using ==/!= detected

• JWT decode, validation bypass, or missing claim binding
  🔥 CRITICAL (1 found)
    JWT decode/validation bypass risk
    Use jsonwebtoken::decode with a real DecodingKey and Validation that keeps signature, expiration, issuer, and audience checks enabled and required; avoid dangerous::insecure_decode, dangerous_unsafe_decode, insecure_disable_signature_validation(), validate_exp=false, and validate_aud=false
      /data/projects/franken_remote/crates/fr-wire/tests/stream.rs:121 (https://github.com/Dicklesworthstone/franken_remote/blob/02cabc951820e330198aee456e2f0aa8fa694bd3/crates/fr-wire/tests/stream.rs#L121)
      let record = Record::decode(frame, &limits(), 17, Channel::MediaConfig).unwrap();

• Shell command execution through -c/-lc
  ✓ OK No shell -c/-lc Command usage detected

• Command::new executable from untrusted-looking value

• Path join/push with untrusted-looking segment

• Archive entry paths joined into extraction destination

• Predictable temp-file writes

• Request-derived open redirects
  ✓ OK No request-derived open redirect sinks detected

• Host header used for absolute URL construction
  ✓ OK No Host-header-derived absolute URL construction detected

• Request-derived response headers
  ✓ OK No request-derived response header values detected

• Request-derived outbound HTTP URLs
  ✓ OK No request-derived outbound HTTP URL sinks detected

• Request-derived SQL construction
  ✓ OK No request-derived SQL construction sinks detected

• Request-controlled regex patterns
  ✓ OK No request-controlled regex compilation detected

• Unbounded request body reads
  ✓ OK No unbounded request body reads detected

• CORS credential policy
  ✓ OK No unsafe CORS credential policy detected

• Plain http:// URLs
  ℹ Info (1 found)
    Plain HTTP URL(s) detected

• Hardcoded secrets/credentials
  ✓ OK No hardcoded secrets detected

━━━━━━━━━━━━━━━━━━━━━━━━━━━━━━━━━━━━━━━━━━━━━━━━━━━━━━━━━━━━━━━━
9. CODE QUALITY MARKERS
━━━━━━━━━━━━━━━━━━━━━━━━━━━━━━━━━━━━━━━━━━━━━━━━━━━━━━━━━━━━━━━━

▓▓▓ Detects: TODO, FIXME, HACK, NOTE
Technical debt markers indicate incomplete or problematic code
  ✓ OK No TODO/FIXME/HACK markers found

━━━━━━━━━━━━━━━━━━━━━━━━━━━━━━━━━━━━━━━━━━━━━━━━━━━━━━━━━━━━━━━━
10. MODULE & VISIBILITY ISSUES
━━━━━━━━━━━━━━━━━━━━━━━━━━━━━━━━━━━━━━━━━━━━━━━━━━━━━━━━━━━━━━━━

▓▓▓ Detects: pub use wildcards, glob imports, re-exports
Overly broad visibility complicates API stability and encapsulation

• Wildcard imports (use crate::* or ::*)
  ℹ Info (1 found)
    Wildcard imports found; prefer explicit names
      /data/projects/franken_remote/crates/fr-tailnet/src/local/tests.rs:4 (https://github.com/Dicklesworthstone/franken_remote/blob/02cabc951820e330198aee456e2f0aa8fa694bd3/crates/fr-tailnet/src/local/tests.rs#L4)
      use super::*;

• pub use re-exports (inventory)
  ℹ Info (2 found)
    pub use re-exports present - verify API surface

━━━━━━━━━━━━━━━━━━━━━━━━━━━━━━━━━━━━━━━━━━━━━━━━━━━━━━━━━━━━━━━━
11. TESTS & BENCHES HYGIENE
━━━━━━━━━━━━━━━━━━━━━━━━━━━━━━━━━━━━━━━━━━━━━━━━━━━━━━━━━━━━━━━━

▓▓▓ Detects: ignored tests, todo! in tests, println!/dbg! in tests
Ensure tests do not hide failures or produce noisy output

• #[ignore] tests

• todo!/unimplemented! in tests

━━━━━━━━━━━━━━━━━━━━━━━━━━━━━━━━━━━━━━━━━━━━━━━━━━━━━━━━━━━━━━━━
12. LINTS & STYLE (fmt/clippy)
━━━━━━━━━━━━━━━━━━━━━━━━━━━━━━━━━━━━━━━━━━━━━━━━━━━━━━━━━━━━━━━━

▓▓▓ Runs: cargo fmt -- --check, cargo clippy
Formatter and lints help maintain consistent style and catch many issues
  ✓ OK Formatting is clean
  ✓ OK No clippy warnings/errors

━━━━━━━━━━━━━━━━━━━━━━━━━━━━━━━━━━━━━━━━━━━━━━━━━━━━━━━━━━━━━━━━
13. BUILD HEALTH (check/test)
━━━━━━━━━━━━━━━━━━━━━━━━━━━━━━━━━━━━━━━━━━━━━━━━━━━━━━━━━━━━━━━━

▓▓▓ Runs: cargo check, cargo test --no-run
Ensures the project compiles and tests build
  ✓ OK cargo check clean
  ✓ OK Tests build clean

━━━━━━━━━━━━━━━━━━━━━━━━━━━━━━━━━━━━━━━━━━━━━━━━━━━━━━━━━━━━━━━━
14. DEPENDENCY HYGIENE
━━━━━━━━━━━━━━━━━━━━━━━━━━━━━━━━━━━━━━━━━━━━━━━━━━━━━━━━━━━━━━━━

▓▓▓ Runs: cargo audit, cargo deny check, cargo udeps, cargo outdated
Keeps dependencies safe, minimal, and up-to-date
  ✓ OK No known advisories (cargo-audit)
  ✓ OK cargo-deny clean
  ℹ Info (1 found)
    cargo-udeps not installed; skipping unused dep scan
  ✓ OK Dependencies up-to-date

━━━━━━━━━━━━━━━━━━━━━━━━━━━━━━━━━━━━━━━━━━━━━━━━━━━━━━━━━━━━━━━━
15. API MISUSE (COMMON)
━━━━━━━━━━━━━━━━━━━━━━━━━━━━━━━━━━━━━━━━━━━━━━━━━━━━━━━━━━━━━━━━

▓▓▓ Detects: nth(0), DefaultHasher, expect_err/unwrap_err, Option::unwrap_or_default in hot paths
Common footguns and readability hazards

• std::collections::hash_map::DefaultHasher

• unwrap_err()/expect_err() usage inventory
  ℹ Info (8 found)
    unwrap_err/expect_err present - ensure test-only or justified

• Option::unwrap_or_default inventory

━━━━━━━━━━━━━━━━━━━━━━━━━━━━━━━━━━━━━━━━━━━━━━━━━━━━━━━━━━━━━━━━
16. DOMAIN-SPECIFIC HEURISTICS
━━━━━━━━━━━━━━━━━━━━━━━━━━━━━━━━━━━━━━━━━━━━━━━━━━━━━━━━━━━━━━━━

▓▓▓ Detects: reqwest builder, SQL string concatenation (heuristic), serde_json::from_str without context
Domain patterns that often hint at bugs

• reqwest::ClientBuilder inventory

• serde_json::from_str without error context (heuristic)

• SQL string concatenation (heuristic)

━━━━━━━━━━━━━━━━━━━━━━━━━━━━━━━━━━━━━━━━━━━━━━━━━━━━━━━━━━━━━━━━
17. AST-GREP RULE PACK FINDINGS
━━━━━━━━━━━━━━━━━━━━━━━━━━━━━━━━━━━━━━━━━━━━━━━━━━━━━━━━━━━━━━━━
  ℹ Info (0 found)
    AST rule pack staged
    Run with --format=sarif to emit SARIF from the rule pack

━━━━━━━━━━━━━━━━━━━━━━━━━━━━━━━━━━━━━━━━━━━━━━━━━━━━━━━━━━━━━━━━
18. META STATISTICS & INVENTORY
━━━━━━━━━━━━━━━━━━━━━━━━━━━━━━━━━━━━━━━━━━━━━━━━━━━━━━━━━━━━━━━━

▓▓▓ Detects: crate counts, bin/lib targets, feature flags (Cargo.toml heuristic)
High-level view of the project layout

• Cargo.toml features (heuristic count)
  ℹ Info (1 found)
    No Cargo.toml at project root (workspace? set PROJECT_DIR accordingly)

━━━━━━━━━━━━━━━━━━━━━━━━━━━━━━━━━━━━━━━━━━━━━━━━━━━━━━━━━━━━━━━━
19. RESOURCE LIFECYCLE CORRELATION
━━━━━━━━━━━━━━━━━━━━━━━━━━━━━━━━━━━━━━━━━━━━━━━━━━━━━━━━━━━━━━━━

▓▓▓ Detects: std::thread::spawn without join, tokio::spawn without await, TcpStream without shutdown
Rust relies on explicit joins/shutdowns even with RAII—leaks create zombie work

• Resource lifecycle correlation
  ✓ OK All tracked resource acquisitions have matching cleanups

━━━━━━━━━━━━━━━━━━━━━━━━━━━━━━━━━━━━━━━━━━━━━━━━━━━━━━━━━━━━━━━━
20. ASYNC LOCKING ACROSS AWAIT
━━━━━━━━━━━━━━━━━━━━━━━━━━━━━━━━━━━━━━━━━━━━━━━━━━━━━━━━━━━━━━━━

▓▓▓ Detects: locks acquired in async fns and potentially held across await
Holding locks across await can deadlock, starve tasks, and cause latency spikes; std::sync locks can block executor threads

• std::sync lock usage inside async fn (blocking risk)
  ✓ OK No obvious std::sync lock usage inside async fns

• Potential std::sync guard held across await (heuristic)

• Potential async lock guard held across await (tokio/async locks heuristic)

━━━━━━━━━━━━━━━━━━━━━━━━━━━━━━━━━━━━━━━━━━━━━━━━━━━━━━━━━━━━━━━━
21. PANIC SURFACES & UNWINDING
━━━━━━━━━━━━━━━━━━━━━━━━━━━━━━━━━━━━━━━━━━━━━━━━━━━━━━━━━━━━━━━━

▓▓▓ Detects: assert macros, direct indexing, unreachable_unchecked/unwrap_unchecked, panic/unwrap inside Drop
Panics in destructors or UB hints can crash/abort in subtle ways; these can slip past linting depending on cfg/features

• assert!/assert_eq!/assert_ne! inventory
  ⚠ Warning (152 found)
    assert! macros present (panic surface)
    If these are runtime invariants, consider explicit error handling; ensure not reachable by untrusted input

• unreachable_unchecked / unwrap_unchecked

• direct indexing / slicing panic surfaces
  ⚠ Warning (67 found)
    Direct indexing/slicing may panic
    Use get()/get_mut(), checked ranges, or prior bounds checks when indexes can come from input
      /data/projects/franken_remote/crates/fr-tailnet/examples/localapi_check.rs:68 (https://github.com/Dicklesworthstone/franken_remote/blob/02cabc951820e330198aee456e2f0aa8fa694bd3/crates/fr-tailnet/examples/localapi_check.rs#L68)
                  row["result"] = json!("authorized_metadata_only");
      /data/projects/franken_remote/crates/fr-tailnet/examples/localapi_check.rs:69 (https://github.com/Dicklesworthstone/franken_remote/blob/02cabc951820e330198aee456e2f0aa8fa694bd3/crates/fr-tailnet/examples/localapi_check.rs#L69)
                  row["observe"] = json!(proof.permissions().observe());
      /data/projects/franken_remote/crates/fr-tailnet/examples/localapi_check.rs:70 (https://github.com/Dicklesworthstone/franken_remote/blob/02cabc951820e330198aee456e2f0aa8fa694bd3/crates/fr-tailnet/examples/localapi_check.rs#L70)
                  row["control"] = json!(proof.permissions().control());

• panic!/unwrap/expect inside Drop
  ⚠ Warning (1 found)
    Potential panics inside Drop implementations
    Panics during Drop + unwinding can abort; avoid unwrap/expect/panic in destructors
      /data/projects/franken_remote/crates/fr-tailnet/src/local/tests.rs:152 (https://github.com/Dicklesworthstone/franken_remote/blob/02cabc951820e330198aee456e2f0aa8fa694bd3/crates/fr-tailnet/src/local/tests.rs#L152)
      self.thread.take().unwrap().join().unwrap();

━━━━━━━━━━━━━━━━━━━━━━━━━━━━━━━━━━━━━━━━━━━━━━━━━━━━━━━━━━━━━━━━
22. SUSPICIOUS CASTS & TRUNCATION
━━━━━━━━━━━━━━━━━━━━━━━━━━━━━━━━━━━━━━━━━━━━━━━━━━━━━━━━━━━━━━━━

▓▓▓ Detects: pervasive `as` casts, try_into().unwrap, numeric narrowing patterns
`as` casts can silently truncate or change sign; conversion panics may be missed in uncommon input paths

• `as` cast inventory
  ℹ Info (2 found)
    `as` casts present (possible truncation/sign bugs)
    Prefer TryFrom/TryInto for correctness or document invariants
      /data/projects/franken_remote/crates/fr-wire/tests/stream.rs:40 (https://github.com/Dicklesworthstone/franken_remote/blob/02cabc951820e330198aee456e2f0aa8fa694bd3/crates/fr-wire/tests/stream.rs#L40)
          header[6..8].copy_from_slice(&(kind as u16).to_be_bytes());
      /data/projects/franken_remote/crates/fr-wire/src/stream.rs:73 (https://github.com/Dicklesworthstone/franken_remote/blob/02cabc951820e330198aee456e2f0aa8fa694bd3/crates/fr-wire/src/stream.rs#L73)
              if !(HEADER_BYTES..=ProtocolLimits::ABSOLUTE.max_control_message_bytes() as usize)

• len()/count() narrowed via `as`

• try_into().unwrap()/expect() (panic on conversion failure)

━━━━━━━━━━━━━━━━━━━━━━━━━━━━━━━━━━━━━━━━━━━━━━━━━━━━━━━━━━━━━━━━
23. PARSING & VALIDATION ROBUSTNESS
━━━━━━━━━━━━━━━━━━━━━━━━━━━━━━━━━━━━━━━━━━━━━━━━━━━━━━━━━━━━━━━━

▓▓▓ Detects: parse/from_str/env-var unwraps, decode unwraps, missing error context
Parsing and decoding failures often happen in prod on edge inputs; unwrap/expect turns them into panics

• parse::<T>().unwrap()/expect()
  ⚠ Warning (4 found)
    parse::<T>().unwrap()/expect() present
    Validate input or propagate errors with context
      /data/projects/franken_remote/crates/fr-tailnet/src/local/tests.rs:20 (https://github.com/Dicklesworthstone/franken_remote/blob/02cabc951820e330198aee456e2f0aa8fa694bd3/crates/fr-tailnet/src/local/tests.rs#L20)
              local: "100.64.0.1:4710".parse().unwrap(),
      /data/projects/franken_remote/crates/fr-tailnet/src/local/tests.rs:21 (https://github.com/Dicklesworthstone/franken_remote/blob/02cabc951820e330198aee456e2f0aa8fa694bd3/crates/fr-tailnet/src/local/tests.rs#L21)
              peer: "100.64.0.2:30001".parse().unwrap(),
      /data/projects/franken_remote/crates/fr-tailnet/src/local/tests.rs:302 (https://github.com/Dicklesworthstone/franken_remote/blob/02cabc951820e330198aee456e2f0aa8fa694bd3/crates/fr-tailnet/src/local/tests.rs#L302)
              local: "[fd7a:115c:a1e0::1]:4710".parse().unwrap(),

• serde/toml deserialization unwrap()/expect()
  ⚠ Warning (8 found)
    serde/toml deserialization unwrap/expect
    Add context, validation, and schema checks; avoid panics on malformed data
      /data/projects/franken_remote/crates/fr-tailnet/src/local/tests.rs:392 (https://github.com/Dicklesworthstone/franken_remote/blob/02cabc951820e330198aee456e2f0aa8fa694bd3/crates/fr-tailnet/src/local/tests.rs#L392)
          let status: Value = serde_json::from_str(include_str!(
      /data/projects/franken_remote/crates/fr-tailnet/src/local/tests.rs:393 (https://github.com/Dicklesworthstone/franken_remote/blob/02cabc951820e330198aee456e2f0aa8fa694bd3/crates/fr-tailnet/src/local/tests.rs#L393)
              "../../tests/fixtures/linux-1.102.3/status.json"
      /data/projects/franken_remote/crates/fr-tailnet/src/local/tests.rs:394 (https://github.com/Dicklesworthstone/franken_remote/blob/02cabc951820e330198aee456e2f0aa8fa694bd3/crates/fr-tailnet/src/local/tests.rs#L394)
          ))

• env::var(...).unwrap()/expect()

━━━━━━━━━━━━━━━━━━━━━━━━━━━━━━━━━━━━━━━━━━━━━━━━━━━━━━━━━━━━━━━━
24. PERF/DoS HOTSPOTS
━━━━━━━━━━━━━━━━━━━━━━━━━━━━━━━━━━━━━━━━━━━━━━━━━━━━━━━━━━━━━━━━

▓▓▓ Detects: regex compilation in loops, chars().nth(n), format!/allocations in loops
Some perf pitfalls become DoS risks on large inputs or hot paths; these often evade linting in non-bench builds

• Regex::new occurrences and in-loop compilation
  ✓ OK No regex::Regex::new detected

• chars().nth(n)/nth_back(n) (O(n))

• format!/to_string/allocations inside loops (heuristic)

═══════════════════════════════════════════════════════════════════════════
                    🎯 SCAN COMPLETE 🎯
═══════════════════════════════════════════════════════════════════════════

Summary Statistics:
  Files scanned:    6
  Critical issues:  2
  Warning issues:   420
  Info items:       68

Priority Actions:
  🔥 FIX CRITICAL ISSUES IMMEDIATELY
  These cause crashes, security vulnerabilities, or data corruption
  ⚠ Review and fix WARNING items
  These cause bugs, performance issues, or maintenance problems
  ℹ Consider INFO suggestions
  Code quality improvements and best practices

Scan completed at: 2026-09-09 09:37:23

Tip: Run with -v/--verbose for more code samples per finding.
Add to CI: ./ubs --ci --fail-on-warning . > rust-bug-scan.txt


──────── Combined Summary ────────
Files: 6
Critical: 2
Warning: 420
Info: 68
